{
    "db-backup": [
        "db-backup-2022-01-01-01-10-01.gz.gpg",
        "db-backup-2022-02-01-01-10-01.gz.gpg",
        "db-backup-2022-03-01-01-10-01.gz.gpg",
        "db-backup-2022-04-01-01-10-01.gz.gpg",
        "db-backup-2022-05-01-01-10-01.gz.gpg",
        "db-backup-2022-06-01-01-10-01.gz.gpg",
        "db-backup-2022-07-01-01-10-01.gz.gpg",
        "db-backup-2022-08-01-01-10-01.gz.gpg",
        "db-backup-2022-09-01-01-10-01.gz.gpg",
        "db-backup-2022-10-01-01-10-01.gz.gpg",
        "db-backup-2022-11-01-01-10-01.gz.gpg",
        "db-backup-2022-11-28-01-10-01.gz.gpg",
        "db-backup-2022-12-01-01-10-01.gz.gpg",
        "db-backup-2022-12-07-01-10-01.gz.gpg",
        "db-backup-2022-12-11-01-58-59.gz.gpg",
        "db-backup-2022-12-11-20-12-49.gz.gpg",
        "db-backup-2022-12-11-20-16-38.gz.gpg",
        "db-backup-2022-12-12-01-10-01.gz.gpg",
        "db-backup-2022-12-13-01-10-01.gz.gpg",
        "db-backup-2022-12-14-01-10-01.gz.gpg",
        "db-backup-2022-12-15-01-10-01.gz.gpg",
        "db-backup-2022-12-16-01-10-01.gz.gpg",
        "db-backup-2022-12-16-17-20-48.gz.gpg",
        "db-backup-2022-12-16-17-28-25.gz.gpg",
        "db-backup-2022-12-16-17-30-42.gz.gpg",
        "db-backup-2022-12-16-17-45-07.gz.gpg",
        "db-backup-2022-12-17-01-10-01.gz.gpg",
        "db-backup-2022-12-18-01-10-01.gz.gpg",
        "db-backup-2022-12-19-01-10-01.gz.gpg",
        "db-backup-2022-12-20-01-10-01.gz.gpg",
        "db-backup-2022-12-21-01-10-01.gz.gpg",
        "db-backup-2022-12-22-01-10-01.gz.gpg",
        "db-backup-2022-12-23-01-10-01.gz.gpg",
        "db-backup-2022-12-24-01-10-01.gz.gpg",
        "db-backup-2022-12-26-13-09-50.gz.gpg",
        "db-backup-2022-12-27-01-10-01.gz.gpg",
        "db-backup-2022-12-28-00-10-01.gz.gpg",
        "db-backup-2022-12-29-00-10-01.gz.gpg",
        "db-backup-2022-12-30-00-10-01.gz.gpg",
        "db-backup-2022-12-31-00-10-01.gz.gpg",
        "db-backup-2023-01-01-00-10-01.gz.gpg",
        "db-backup-2023-01-02-00-10-01.gz.gpg",
        "db-backup-2023-01-03-00-10-01.gz.gpg",
        "db-backup-2023-01-04-00-10-01.gz.gpg"
    ],
    "grafana-backup": [
        "grafana-backup-2022-01-01-01-20-01.tar.gz.gpg",
        "grafana-backup-2022-03-01-01-20-01.tar.gz.gpg",
        "grafana-backup-2022-05-01-01-20-01.tar.gz.gpg",
        "grafana-backup-2022-07-01-01-20-01.tar.gz.gpg",
        "grafana-backup-2022-08-01-01-20-01.tar.gz.gpg",
        "grafana-backup-2022-08-08-00-20-01.tar.gz.gpg",
        "grafana-backup-2022-08-15-00-20-01.tar.gz.gpg",
        "grafana-backup-2022-08-22-00-20-01.tar.gz.gpg",
        "grafana-backup-2022-08-29-00-20-01.tar.gz.gpg",
        "grafana-backup-2022-09-01-01-20-01.tar.gz.gpg",
        "grafana-backup-2022-09-08-00-20-01.tar.gz.gpg",
        "grafana-backup-2022-09-15-00-20-01.tar.gz.gpg",
        "grafana-backup-2022-09-22-00-20-01.tar.gz.gpg",
        "grafana-backup-2022-09-29-00-20-01.tar.gz.gpg",
        "grafana-backup-2022-10-01-01-20-01.tar.gz.gpg",
        "grafana-backup-2022-10-08-00-20-01.tar.gz.gpg",
        "grafana-backup-2022-10-15-00-20-01.tar.gz.gpg",
        "grafana-backup-2022-10-22-00-20-01.tar.gz.gpg",
        "grafana-backup-2022-10-29-00-20-01.tar.gz.gpg",
        "grafana-backup-2022-11-01-01-20-01.tar.gz.gpg",
        "grafana-backup-2022-11-08-00-20-01.tar.gz.gpg",
        "grafana-backup-2022-11-15-00-20-01.tar.gz.gpg",
        "grafana-backup-2022-11-22-00-20-01.tar.gz.gpg",
        "grafana-backup-2022-11-29-00-20-01.tar.gz.gpg",
        "grafana-backup-2022-12-01-01-20-01.tar.gz.gpg",
        "grafana-backup-2022-12-08-00-20-01.tar.gz.gpg",
        "grafana-backup-2022-12-15-00-20-01.tar.gz.gpg",
        "grafana-backup-2022-12-22-00-20-01.tar.gz.gpg",
        "grafana-backup-2022-12-29-00-20-01.tar.gz.gpg",
        "grafana-backup-2023-01-01-00-20-01.tar.gz.gpg",
        "grafana-backup-2023-01-02-00-20-01.tar.gz.gpg",
        "grafana-backup-2023-01-03-00-20-01.tar.gz.gpg",
        "grafana-backup-2023-01-04-00-20-01.tar.gz.gpg"
    ],
    "mail-backup": [
        "mail-backup-2022-07-01-01-10-01.tar.gz.gpg",
        "mail-backup-2022-08-01-01-10-01.tar.gz.gpg",
        "mail-backup-2022-09-01-01-10-01.tar.gz.gpg",
        "mail-backup-2022-10-01-01-10-01.tar.gz.gpg",
        "mail-backup-2022-11-01-01-10-01.tar.gz.gpg",
        "mail-backup-2022-11-28-01-10-01.tar.gz.gpg",
        "mail-backup-2022-12-01-01-10-01.tar.gz.gpg",
        "mail-backup-2022-12-07-01-10-01.tar.gz.gpg",
        "mail-backup-2022-12-11-01-46-39.tar.gz.gpg",
        "mail-backup-2022-12-11-20-12-14.tar.gz.gpg",
        "mail-backup-2022-12-12-01-01-01.tar.gz.gpg",
        "mail-backup-2022-12-12-01-10-01.tar.gz.gpg",
        "mail-backup-2022-12-13-01-01-01.tar.gz.gpg",
        "mail-backup-2022-12-14-01-01-01.tar.gz.gpg",
        "mail-backup-2022-12-15-01-01-01.tar.gz.gpg",
        "mail-backup-2022-12-16-01-01-01.tar.gz.gpg",
        "mail-backup-2022-12-17-01-01-01.tar.gz.gpg",
        "mail-backup-2022-12-18-01-01-01.tar.gz.gpg",
        "mail-backup-2022-12-18-02-36-24.tar.gz.gpg",
        "mail-backup-2022-12-19-01-01-01.tar.gz.gpg",
        "mail-backup-2022-12-20-01-01-01.tar.gz.gpg",
        "mail-backup-2022-12-21-01-01-01.tar.gz.gpg",
        "mail-backup-2022-12-22-01-01-01.tar.gz.gpg",
        "mail-backup-2022-12-23-01-01-01.tar.gz.gpg",
        "mail-backup-2022-12-24-01-01-01.tar.gz.gpg",
        "mail-backup-2022-12-25-01-01-01.tar.gz.gpg",
        "mail-backup-2022-12-26-13-11-17.tar.gz.gpg",
        "mail-backup-2022-12-27-01-01-01.tar.gz.gpg",
        "mail-backup-2022-12-28-00-01-01.tar.gz.gpg",
        "mail-backup-2022-12-29-00-01-01.tar.gz.gpg",
        "mail-backup-2022-12-30-00-01-01.tar.gz.gpg",
        "mail-backup-2022-12-31-00-01-01.tar.gz.gpg",
        "mail-backup-2023-01-01-00-01-01.tar.gz.gpg",
        "mail-backup-2023-01-02-00-02-01.tar.gz.gpg",
        "mail-backup-2023-01-02-03-02-01.tar.gz.gpg",
        "mail-backup-2023-01-02-06-02-01.tar.gz.gpg",
        "mail-backup-2023-01-02-09-02-01.tar.gz.gpg",
        "mail-backup-2023-01-02-12-02-01.tar.gz.gpg",
        "mail-backup-2023-01-02-15-02-01.tar.gz.gpg",
        "mail-backup-2023-01-02-18-02-01.tar.gz.gpg",
        "mail-backup-2023-01-02-21-02-01.tar.gz.gpg",
        "mail-backup-2023-01-03-00-02-01.tar.gz.gpg",
        "mail-backup-2023-01-03-03-02-01.tar.gz.gpg",
        "mail-backup-2023-01-03-06-02-01.tar.gz.gpg",
        "mail-backup-2023-01-03-09-02-01.tar.gz.gpg",
        "mail-backup-2023-01-03-12-02-01.tar.gz.gpg",
        "mail-backup-2023-01-03-15-02-01.tar.gz.gpg",
        "mail-backup-2023-01-03-18-02-01.tar.gz.gpg",
        "mail-backup-2023-01-03-21-02-01.tar.gz.gpg",
        "mail-backup-2023-01-04-00-01-01.tar.gz.gpg"
    ],
    "default": [
        "2023-01-04-00:01:01.tar.gz.gpg"
    ]
}